sample	Nanopore_viridian:checkSizeSubsampleONT	Nanopore_viridian:getObjFilesONT	Nanopore_viridian:sequenceAnalysisViridian:downstreamAnalysis:FN4_upload	Nanopore_viridian:sequenceAnalysisViridian:downstreamAnalysis:aln2type	Nanopore_viridian:sequenceAnalysisViridian:downstreamAnalysis:bcftools_csq	Nanopore_viridian:sequenceAnalysisViridian:downstreamAnalysis:download_nextclade_files	Nanopore_viridian:sequenceAnalysisViridian:downstreamAnalysis:getGFF3	Nanopore_viridian:sequenceAnalysisViridian:downstreamAnalysis:getVariantDefinitions	Nanopore_viridian:sequenceAnalysisViridian:downstreamAnalysis:getWorkflowCommit	Nanopore_viridian:sequenceAnalysisViridian:downstreamAnalysis:makeReport	Nanopore_viridian:sequenceAnalysisViridian:downstreamAnalysis:nextclade	Nanopore_viridian:sequenceAnalysisViridian:downstreamAnalysis:pango	Nanopore_viridian:sequenceAnalysisViridian:getRefFiles	Nanopore_viridian:sequenceAnalysisViridian:uploadToBucket	Nanopore_viridian:sequenceAnalysisViridian:viridianONTAuto	CONSENSUS:length	CONSENSUS:masked (N)	CONSENSUS:padded (-)	CONSENSUS:bases (acgt)	lineage	scorpio_call	NEXTCLADE:seqName	NEXTCLADE:clade	NEXTCLADE:Nextclade_pango	NEXTCLADE:partiallyAliased	NEXTCLADE:clade_nextstrain	NEXTCLADE:clade_who	NEXTCLADE:clade_legacy	NEXTCLADE:qc.overallScore	NEXTCLADE:qc.overallStatus	NEXTCLADE:totalSubstitutions	NEXTCLADE:totalDeletions	NEXTCLADE:totalInsertions	NEXTCLADE:totalFrameShifts	NEXTCLADE:totalAminoacidSubstitutions	NEXTCLADE:totalAminoacidDeletions	NEXTCLADE:totalAminoacidInsertions	NEXTCLADE:totalMissing	NEXTCLADE:totalNonACGTNs	NEXTCLADE:totalPcrPrimerChanges	NEXTCLADE:substitutions	NEXTCLADE:deletions	NEXTCLADE:insertions	NEXTCLADE:privateNucMutations.reversionSubstitutions	NEXTCLADE:privateNucMutations.labeledSubstitutions	NEXTCLADE:privateNucMutations.unlabeledSubstitutions	NEXTCLADE:privateNucMutations.totalReversionSubstitutions	NEXTCLADE:privateNucMutations.totalLabeledSubstitutions	NEXTCLADE:privateNucMutations.totalUnlabeledSubstitutions	NEXTCLADE:privateNucMutations.totalPrivateSubstitutions	NEXTCLADE:frameShifts	NEXTCLADE:aaSubstitutions	NEXTCLADE:aaDeletions	NEXTCLADE:aaInsertions	NEXTCLADE:missing	NEXTCLADE:nonACGTNs	NEXTCLADE:pcrPrimerChanges	NEXTCLADE:alignmentScore	NEXTCLADE:alignmentStart	NEXTCLADE:alignmentEnd	NEXTCLADE:coverage	NEXTCLADE:qc.missingData.missingDataThreshold	NEXTCLADE:qc.missingData.score	NEXTCLADE:qc.missingData.status	NEXTCLADE:qc.missingData.totalMissing	NEXTCLADE:qc.mixedSites.mixedSitesThreshold	NEXTCLADE:qc.mixedSites.score	NEXTCLADE:qc.mixedSites.status	NEXTCLADE:qc.mixedSites.totalMixedSites	NEXTCLADE:qc.privateMutations.cutoff	NEXTCLADE:qc.privateMutations.excess	NEXTCLADE:qc.privateMutations.score	NEXTCLADE:qc.privateMutations.status	NEXTCLADE:qc.privateMutations.total	NEXTCLADE:qc.snpClusters.clusteredSNPs	NEXTCLADE:qc.snpClusters.score	NEXTCLADE:qc.snpClusters.status	NEXTCLADE:qc.snpClusters.totalSNPs	NEXTCLADE:qc.frameShifts.frameShifts	NEXTCLADE:qc.frameShifts.totalFrameShifts	NEXTCLADE:qc.frameShifts.frameShiftsIgnored	NEXTCLADE:qc.frameShifts.totalFrameShiftsIgnored	NEXTCLADE:qc.frameShifts.score	NEXTCLADE:qc.frameShifts.status	NEXTCLADE:qc.stopCodons.stopCodons	NEXTCLADE:qc.stopCodons.totalStopCodons	NEXTCLADE:qc.stopCodons.score	NEXTCLADE:qc.stopCodons.status	NEXTCLADE:isReverseComplement	NEXTCLADE:failedGenes	NEXTCLADE:warnings	NEXTCLADE:errors	ALN2TYPE:sample_id	ALN2TYPE:phe-label	ALN2TYPE:unique-id	ALN2TYPE:prelim_status	ALN2TYPE:mutation-ref-calls	ALN2TYPE:mutation-mixed-calls	ALN2TYPE:mutation-calls	ALN2TYPE:indel-ref-calls	ALN2TYPE:indel-calls	ALN2TYPE:no-calls	ALN2TYPE:no-calls-deletion	ALN2TYPE:met_required	ALN2TYPE:status
mmm-artic-ont-s11511-1	COMPLETED	COMPLETED	COMPLETED	COMPLETED	COMPLETED					COMPLETED	COMPLETED	COMPLETED		COMPLETED	COMPLETED	29780.0	62.00.0	29718.0	B.1.177		mmm-artic-ont-s11511-1	20E (EU1)	B.1.177	B.1.177	20E	unassigned	20E (EU1)	226.5625	bad	23.0	2.0	0.0	2.0	7.0	3.0	0.0	62.0	0.0	0.0	G204T,C241T,T445C,C1758T,C3037T,C5575T,C6286T,C11518T,C11962T,C14408T,A15753G,A19655G,G21255C,C21614T,C22227T,A23403G,G23611A,C24767T,C26801G,T27182C,C27944T,C28932T,G29645T	11075,24674				C1758T,C5575T,C11518T,C11962T,A15753G,A19655G,G23611A,C24767T,T27182C	0.0	0.0	9.0	9.0	ORF1a:3605-4401,S:1039-1274	N:A220V,ORF1a:A498V,ORF1b:P314L,ORF1b:K2063R,S:L18F,S:A222V,S:D614G	ORF1a:F3603-,ORF1a:F3604-,S:K1038-		227,942,1629,2494,3413,3903,5225,6306,7042,7697,7703,7794,7811,7814-7815,7817,7819,7825,7834-7835,7840,7844,7846,7874,7898,7935,9681,9812,10528,11076,11991,13124,13163-13164,13476,18315,19484,20487-20488,20931,21057,21102,21409,21422,21635,22210,23231,23874,24056,24245,24290,24718,25101,25588,26409,26562,28215,28681,29387,29701,29777,29801			89234.0	54.0	29836.0	0.9938802126876902	3000.0	0.0	good	62.0	10.0	0.0	good	0.0	24.03.0	12.5	good	11.0		0.0	good	0.0	ORF1a:3605-4401,S:1039-1274	2.0		0.0	150.0	bad		0.0	0.0	good	False				mmm-artic-ont-s11511-1	unclassifiedunclassified	unclassified									unclassified
mmm-artic-ont-s12220-4	COMPLETED	COMPLETED	COMPLETED	COMPLETED	COMPLETED					COMPLETED	COMPLETED	COMPLETED		COMPLETED	COMPLETED	29781.0	47.00.0	29734.0	B.1.177.7		mmm-artic-ont-s12220-4	20E (EU1)	B.1.177.7	B.1.177.7	20E	unassigned	20E (EU1)	56.25	mediocre	18.0	1.0	0.0	1.0	7.0	1.0	0.0	47.00.0	1.0	G204T,C241T,T445C,C1625T,C3037T,G4454T,C6286T,C14408T,C15480T,G21255C,C21614T,C22227T,A23403G,C24138T,C26801G,C27944T,C28932T,G29645T	1631				C1625T,G4454T,C24138T	0.0	0.0	3.0	3.0	ORF1a:457-4401	N:A220V,ORF1a:L454F,ORF1b:P314L,S:L18F,S:A222V,S:D614G,S:T859I	ORF1a:K456-		227,942,2494,3413,3903,5225,6306,6962,7697,7814-7815,8607,9812,10528,11075-11076,11991,13124,13163,13587,16631,18315,19484,19984,20487-20488,21057,21102,21409,21422,21635,22210,23144,23231,24245,24290,24673,24718,25101,25588,26409,26562,28215,29196,29387,29777,29801		Charit√©_S_RdRp_P:C15480T	89264.0	54.0	29836.0	0.9943818345985352	3000.0	0.0	good	47.0	10.0	0.0	good	0.0	24.0	-4.0	0.0	good	4.0		0.0	good	0.0	ORF1a:457-4401	1.0		0.0	75.0	mediocre		0.0	0.0	good	False			mmm-artic-ont-s12220-4	unclassified	unclassified	unclassified									unclassified
mmm-artic-ont-s12368-1	COMPLETED	COMPLETED	COMPLETED	COMPLETED	COMPLETED					COMPLETED	COMPLETED	COMPLETED		COMPLETED	COMPLETED	29782.0	28.00.0	29754.0	P.2	Zeta (P.2-like)	mmm-artic-ont-s12368-1	20B	P.2	B.1.1.28.2	20B	unassigned	20B	0.0	good	21.0	0.0	0.0	0.0	10.0	0.0	0.0	28.0	0.0	4.0	C100T,C241T,C3037T,G3340T,T10667G,G11335T,C11824T,C12053T,C12076T,A12964G,C14408T,G23012A,A23403G,G25088T,C28253T,G28628T,G28881A,G28882A,G28883C,G28975T,C29754T					G3340T,G11335T,C12076T,A12964G	0.0	0.0	4.0	4.0		N:A119S,N:R203K,N:G204R,N:M234I,ORF1a:L3468V,ORF1a:L3930F,ORF1b:P314L,S:E484K,S:D614G,S:V1176F			227,942,1629,2494,3413,6078,9812,10528,11075,13124,13476,18315,19484,20487,20891,21102,21409,22210,23144,23231,24056,24245,24673,24718,25588,26409,26562,29777		ChinaCDC_N_F:G28881A;G28882A;G28883C,ChinaCDC_N_R:G28975T	89262.0	54.0	29836.0	0.9950172223522724	3000.0	0.0	good	28.0	10.0	0.0	good	0.0	24.0	-4.0	0.0	good	4.0		0.0	good	0.0		0.0		0.0	0.0	good		0.0	0.0	good	False				mmm-artic-ont-s12368-1	E484K	harbor-sprite	confirmed	0.0	0.0	1.0	0.0	0.0	0.0	0.0		confirmed
mmm-artic-ont-s12368-1	COMPLETED	COMPLETED	COMPLETED	COMPLETED	COMPLETED					COMPLETED	COMPLETED	COMPLETED		COMPLETED	COMPLETED	29782.0	28.00.0	29754.0	P.2	Zeta (P.2-like)	mmm-artic-ont-s12368-1	20B	P.2	B.1.1.28.2	20B	unassigned	20B	0.0	good	21.0	0.0	0.0	0.0	10.0	0.0	0.0	28.0	0.0	4.0	C100T,C241T,C3037T,G3340T,T10667G,G11335T,C11824T,C12053T,C12076T,A12964G,C14408T,G23012A,A23403G,G25088T,C28253T,G28628T,G28881A,G28882A,G28883C,G28975T,C29754T					G3340T,G11335T,C12076T,A12964G	0.0	0.0	4.0	4.0		N:A119S,N:R203K,N:G204R,N:M234I,ORF1a:L3468V,ORF1a:L3930F,ORF1b:P314L,S:E484K,S:D614G,S:V1176F			227,942,1629,2494,3413,6078,9812,10528,11075,13124,13476,18315,19484,20487,20891,21102,21409,22210,23144,23231,24056,24245,24673,24718,25588,26409,26562,29777		ChinaCDC_N_F:G28881A;G28882A;G28883C,ChinaCDC_N_R:G28975T	89262.0	54.0	29836.0	0.9950172223522724	3000.0	0.0	good	28.0	10.0	0.0	good	0.0	24.0	-4.0	0.0	good	4.0		0.0	good	0.0		0.0		0.0	0.0	good		0.0	0.0	good	False				mmm-artic-ont-s12368-1	V-21JAN-01	marbling-doodle	confirmed	0.0	0.0	7.0	0.0	0.0	0.0	0.0		confirmed
mmm-artic-ont-s16621-3	COMPLETED	COMPLETED	COMPLETED	COMPLETED	COMPLETED					COMPLETED	COMPLETED	COMPLETED		COMPLETED	COMPLETED	29762.0	52.00.0	29710.0	B.1.1.7	Alpha (B.1.1.7-like)	mmm-artic-ont-s16621-3	20I (Alpha, V1)	B.1.1.7	B.1.1.7	20I	Alpha	20I (Alpha, V1)	56.25	mediocre	30.0	20.0	0.0	1.0	20.0	4.0	0.0	52.0	0.0	4.0	C241T,C913T,C3037T,C3177T,C3267T,C5388A,A5715G,C5986T,T6954C,C14408T,C14676T,C15279T,T16176C,A23063T,C23271A,A23403G,C23604A,C23709T,T24506G,G24914C,C27972T,G28048T,A28111G,G28280C,A28281T,T28282A,G28881A,G28882A,G28883C,C28977T	11075,11288-11296,21765-21770,21992-21994,28271				C3177T,A5715G	0.0	0.0	2.0	2.0	ORF1a:3605-4401	N:D3L,N:R203K,N:G204R,N:S235F,ORF1a:P971L,ORF1a:T1001I,ORF1a:A1708D,ORF1a:K1817R,ORF1a:I2230T,ORF1b:P314L,ORF8:Q27*,ORF8:R52I,ORF8:Y73C,S:N501Y,S:A570D,S:D614G,S:P681H,S:T716I,S:S982A,S:D1118H	ORF1a:F3604-,S:H69-,S:V70-,S:Y144-		227,942,1629,2494,3413,3903,5225,6306,7814-7815,8377,8607,9812,10528,11076,11743,11991,12197,13124,13163-13164,13476,13587,16631,18315,19484,19984,20487-20488,20931,21102,21409,21422,21635,22210,22219,23144,23231,24056,24245,24673,24718,25101,25588,26409,26562,28215,28681,29387,29701,29777,29801		ChinaCDC_N_F:G28881A;G28882A;G28883C,ChinaCDC_N_R:C28977T	89131.0	54.0	29836.0	0.9942146272949204	3000.0	0.0	good	52.0	10.0	0.0	good	0.0	24.0	-5.0	0.0	good	3.0		0.0	good	0.0	ORF1a:3605-4401	1.0		0.0	75.0	mediocre		0.0	0.0	good	False				mmm-artic-ont-s16621-3	VOC-20DEC-01	denture-daughter	confirmed	0.0	0.0	13.0	0.0	2.0	0.0	0.0		confirmed
nonesampleprocess						COMPLETED	COMPLETED	COMPLETED	COMPLETED															
