sample	Illumina_viridian:checkSizeSubsample	Illumina_viridian:getObjFiles	Illumina_viridian:sequenceAnalysisViridian:downstreamAnalysis:FN4_upload	Illumina_viridian:sequenceAnalysisViridian:downstreamAnalysis:aln2type	Illumina_viridian:sequenceAnalysisViridian:downstreamAnalysis:bcftools_csq	Illumina_viridian:sequenceAnalysisViridian:downstreamAnalysis:download_nextclade_files	Illumina_viridian:sequenceAnalysisViridian:downstreamAnalysis:getGFF3	Illumina_viridian:sequenceAnalysisViridian:downstreamAnalysis:getVariantDefinitions	Illumina_viridian:sequenceAnalysisViridian:downstreamAnalysis:getWorkflowCommit	Illumina_viridian:sequenceAnalysisViridian:downstreamAnalysis:makeReport	Illumina_viridian:sequenceAnalysisViridian:downstreamAnalysis:nextclade	Illumina_viridian:sequenceAnalysisViridian:downstreamAnalysis:pango	Illumina_viridian:sequenceAnalysisViridian:getRefFiles	Illumina_viridian:sequenceAnalysisViridian:uploadToBucket	Illumina_viridian:sequenceAnalysisViridian:viridianAuto	CONSENSUS:length	CONSENSUS:masked (N)	CONSENSUS:padded (-)	CONSENSUS:bases (acgt)	lineage	scorpio_call	NEXTCLADE:seqName	NEXTCLADE:clade	NEXTCLADE:Nextclade_pango	NEXTCLADE:partiallyAliased	NEXTCLADE:clade_nextstrain	NEXTCLADE:clade_who	NEXTCLADE:clade_legacy	NEXTCLADE:qc.overallScore	NEXTCLADE:qc.overallStatus	NEXTCLADE:totalSubstitutions	NEXTCLADE:totalDeletions	NEXTCLADE:totalInsertions	NEXTCLADE:totalFrameShifts	NEXTCLADE:totalAminoacidSubstitutions	NEXTCLADE:totalAminoacidDeletions	NEXTCLADE:totalAminoacidInsertions	NEXTCLADE:totalMissing	NEXTCLADE:totalNonACGTNs	NEXTCLADE:totalPcrPrimerChanges	NEXTCLADE:substitutions	NEXTCLADE:deletions	NEXTCLADE:insertions	NEXTCLADE:privateNucMutations.reversionSubstitutions	NEXTCLADE:privateNucMutations.labeledSubstitutions	NEXTCLADE:privateNucMutations.unlabeledSubstitutions	NEXTCLADE:privateNucMutations.totalReversionSubstitutions	NEXTCLADE:privateNucMutations.totalLabeledSubstitutions	NEXTCLADE:privateNucMutations.totalUnlabeledSubstitutions	NEXTCLADE:privateNucMutations.totalPrivateSubstitutions	NEXTCLADE:frameShifts	NEXTCLADE:aaSubstitutions	NEXTCLADE:aaDeletions	NEXTCLADE:aaInsertions	NEXTCLADE:missing	NEXTCLADE:nonACGTNs	NEXTCLADE:pcrPrimerChanges	NEXTCLADE:alignmentScore	NEXTCLADE:alignmentStart	NEXTCLADE:alignmentEnd	NEXTCLADE:coverage	NEXTCLADE:qc.missingData.missingDataThreshold	NEXTCLADE:qc.missingData.score	NEXTCLADE:qc.missingData.status	NEXTCLADE:qc.missingData.totalMissing	NEXTCLADE:qc.mixedSites.mixedSitesThreshold	NEXTCLADE:qc.mixedSites.score	NEXTCLADE:qc.mixedSites.status	NEXTCLADE:qc.mixedSites.totalMixedSites	NEXTCLADE:qc.privateMutations.cutoff	NEXTCLADE:qc.privateMutations.excess	NEXTCLADE:qc.privateMutations.score	NEXTCLADE:qc.privateMutations.status	NEXTCLADE:qc.privateMutations.total	NEXTCLADE:qc.snpClusters.clusteredSNPs	NEXTCLADE:qc.snpClusters.score	NEXTCLADE:qc.snpClusters.status	NEXTCLADE:qc.snpClusters.totalSNPs	NEXTCLADE:qc.frameShifts.frameShifts	NEXTCLADE:qc.frameShifts.totalFrameShifts	NEXTCLADE:qc.frameShifts.frameShiftsIgnored	NEXTCLADE:qc.frameShifts.totalFrameShiftsIgnored	NEXTCLADE:qc.frameShifts.score	NEXTCLADE:qc.frameShifts.status	NEXTCLADE:qc.stopCodons.stopCodons	NEXTCLADE:qc.stopCodons.totalStopCodons	NEXTCLADE:qc.stopCodons.score	NEXTCLADE:qc.stopCodons.status	NEXTCLADE:isReverseComplement	NEXTCLADE:failedGenes	NEXTCLADE:warnings	NEXTCLADE:errors	ALN2TYPE:sample_id	ALN2TYPE:phe-label	ALN2TYPE:unique-id	ALN2TYPE:prelim_status	ALN2TYPE:mutation-ref-calls	ALN2TYPE:mutation-mixed-calls	ALN2TYPE:mutation-calls	ALN2TYPE:indel-ref-calls	ALN2TYPE:indel-calls	ALN2TYPE:no-calls	ALN2TYPE:no-calls-deletion	ALN2TYPE:met_required	ALN2TYPE:status
mmm-artic-ill-s11511-1	COMPLETED	COMPLETED	COMPLETED	COMPLETED	COMPLETED					COMPLETED	COMPLETED	COMPLETED		COMPLETED	COMPLETED	29782.0	1.0	0.0	29781.0	B.1.177		mmm-artic-ill-s11511-1	20E (EU1)	B.1.177	B.1.177	20E	unassigned	20E (EU1)	0.173611	good	23.0	0.0	0.0	0.0	8.0	0.0	0.0	1.0	0.0	0.0	G204T,C241T,T445C,C1758T,C3037T,C5575T,C6286T,C11518T,C11962T,C14408T,A15753G,A19655G,G21255C,C21614T,C22227T,A23403G,G23611A,C24767T,C26801G,T27182C,C27944T,C28932T,G29645T					C1758T,C5575T,C11518T,C11962T,A15753G,A19655G,G23611A,C24767T,T27182C	0.0	0.0	9.0	9.0		N:A220V,ORF1a:A498V,ORF1b:P314L,ORF1b:K2063R,S:L18F,S:A222V,S:D614G,S:P1069S			7042			89254.0	54.0	29836.0	0.9959201417917934	3000.0	0.0	good	1.0	10.0	0.0	good	0.0	24.0	1.0	4.166667	good	9.0		0.0	good	0.0		0.0		0.0	0.0	good		0.0	0.0	good	False				mmm-artic-ill-s11511-1	unclassified	unclassified	unclassified									unclassified
mmm-artic-ill-s12220-1	COMPLETED	COMPLETED	COMPLETED	COMPLETED	COMPLETED					COMPLETED	COMPLETED	COMPLETED		COMPLETED	COMPLETED	29782.0	283.0	0.0	29499.0	B.1.177.7		mmm-artic-ill-s12220-1	20E (EU1)	B.1.177.7	B.1.177.7	20E	unassigned	20E (EU1)	0.0	good	18.0	0.0	0.0	0.0	8.0	0.0	0.0	283.0	0.0	1.0	G204T,C241T,T445C,C1625T,C3037T,G4454T,C6286T,C14408T,C15480T,G21255C,C21614T,C22227T,A23403G,C24138T,C26801G,C27944T,C28932T,G29645T					C1625T,G4454T,C24138T	0.0	0.0	3.0	3.0		N:A220V,ORF1a:L454F,ORF1a:A1397S,ORF1b:P314L,S:L18F,S:A222V,S:D614G,S:T859I			1313-1595		Charit√©_S_RdRp_P:C15480T	89274.0	54.0	29836.0	0.9864896498679062	3000.0	0.0	good	283.0	10.0	0.0	good	0.0	24.0	-5.0	0.0	good	3.0		0.0	good	0.0		0.0		0.0	0.0	good		0.0	0.0	good	False				mmm-artic-ill-s12220-1	unclassified	unclassified	unclassified									unclassified
mmm-artic-ill-s12368-1	COMPLETED	COMPLETED	COMPLETED	COMPLETED	COMPLETED					COMPLETED	COMPLETED	COMPLETED		COMPLETED	COMPLETED	29782.0	1.0	0.0	29781.0	P.2	Zeta (P.2-like)	mmm-artic-ill-s12368-1	20B	P.2	B.1.1.28.2	20B	unassigned	20B	0.0	good	20.0	0.0	0.0	0.0	9.0	0.0	0.0	1.0	0.0	4.0	C100T,C241T,C3037T,G3340T,G11335T,C11824T,C12053T,C12076T,A12964G,C14408T,G23012A,A23403G,G25088T,C28253T,G28628T,G28881A,G28882A,G28883C,G28975T,C29754T					G3340T,G11335T,C12076T,A12964G	0.0	0.0	4.0	4.0		N:A119S,N:R203K,N:G204R,N:M234I,ORF1a:L3930F,ORF1b:P314L,S:E484K,S:D614G,S:V1176F			10667		ChinaCDC_N_F:G28881A;G28882A;G28883C,ChinaCDC_N_R:G28975T	89266.0	54.0	29836.0	0.9959201417917934	3000.0	0.0	good	1.0	10.0	0.0	good	0.0	24.0	-4.0	0.0	good	4.0		0.0	good	0.0		0.0		0.0	0.0	good		0.0	0.0	good	False				mmm-artic-ill-s12368-1	E484K	harbor-sprite	confirmed	0.0	0.0	1.0	0.0	0.0	0.0	0.0		confirmed
mmm-artic-ill-s12368-1	COMPLETED	COMPLETED	COMPLETED	COMPLETED	COMPLETED					COMPLETED	COMPLETED	COMPLETED		COMPLETED	COMPLETED	29782.0	1.0	0.0	29781.0	P.2	Zeta (P.2-like)	mmm-artic-ill-s12368-1	20B	P.2	B.1.1.28.2	20B	unassigned	20B	0.0	good	20.0	0.0	0.0	0.0	9.0	0.0	0.0	1.0	0.0	4.0	C100T,C241T,C3037T,G3340T,G11335T,C11824T,C12053T,C12076T,A12964G,C14408T,G23012A,A23403G,G25088T,C28253T,G28628T,G28881A,G28882A,G28883C,G28975T,C29754T					G3340T,G11335T,C12076T,A12964G	0.0	0.0	4.0	4.0		N:A119S,N:R203K,N:G204R,N:M234I,ORF1a:L3930F,ORF1b:P314L,S:E484K,S:D614G,S:V1176F			10667		ChinaCDC_N_F:G28881A;G28882A;G28883C,ChinaCDC_N_R:G28975T	89266.0	54.0	29836.0	0.9959201417917934	3000.0	0.0	good	1.0	10.0	0.0	good	0.0	24.0	-4.0	0.0	good	4.0		0.0	good	0.0		0.0		0.0	0.0	good		0.0	0.0	good	False				mmm-artic-ill-s12368-1	V-21JAN-01	marbling-doodle	confirmed	0.0	0.0	6.0	0.0	0.0	1.0	0.0		confirmed
mmm-artic-ill-s16621-1	COMPLETED	COMPLETED	COMPLETED	COMPLETED	COMPLETED					COMPLETED	COMPLETED	COMPLETED		COMPLETED	COMPLETED	29763.0	0.0	0.0	29763.0	B.1.1.7	Alpha (B.1.1.7-like)	mmm-artic-ill-s16621-1	20I (Alpha, V1)	B.1.1.7	B.1.1.7	20I	Alpha	20I (Alpha, V1)	0.0	good	30.0	19.0	0.0	0.0	20.0	6.0	0.0	0.0	0.0	4.0	C241T,C913T,C3037T,C3177T,C3267T,C5388A,A5715G,C5986T,T6954C,C14408T,C14676T,C15279T,T16176C,A23063T,C23271A,A23403G,C23604A,C23709T,T24506G,G24914C,C27972T,G28048T,A28111G,G28280C,A28281T,T28282A,G28881A,G28882A,G28883C,C28977T	11288-11296,21765-21770,21992-21994,28271				C3177T,A5715G	0.0	0.0	2.0	2.0		N:D3L,N:R203K,N:G204R,N:S235F,ORF1a:P971L,ORF1a:T1001I,ORF1a:A1708D,ORF1a:K1817R,ORF1a:I2230T,ORF1b:P314L,ORF8:Q27*,ORF8:R52I,ORF8:Y73C,S:N501Y,S:A570D,S:D614G,S:P681H,S:T716I,S:S982A,S:D1118H	ORF1a:S3675-,ORF1a:G3676-,ORF1a:F3677-,S:H69-,S:V70-,S:Y144-				ChinaCDC_N_F:G28881A;G28882A;G28883C,ChinaCDC_N_R:C28977T	89141.0	54.0	29836.0	0.9959535832525164	3000.0	0.0	good	0.0	10.0	0.0	good	0.0	24.0	-6.0	0.0	good	2.0		0.0	good	0.0		0.0		0.0	0.0	good		0.0	0.0	good	False				mmm-artic-ill-s16621-1	VOC-20DEC-01	denture-daughter	confirmed	0.0	0.0	13.0	0.0	2.0	0.0	0.0		confirmed
nonesampleprocess						COMPLETED	COMPLETED	COMPLETED	COMPLETED																																																																																																
null													COMPLETED																																																																																												
