sample	Illumina_viridian:getObjFiles	Illumina_viridian:sequenceAnalysisViridian:download_primers	Illumina_viridian:sequenceAnalysisViridian:downstreamAnalysis:FN4_upload	Illumina_viridian:sequenceAnalysisViridian:downstreamAnalysis:aln2type	Illumina_viridian:sequenceAnalysisViridian:downstreamAnalysis:bcftools_csq	Illumina_viridian:sequenceAnalysisViridian:downstreamAnalysis:download_nextclade_files	Illumina_viridian:sequenceAnalysisViridian:downstreamAnalysis:getGFF3	Illumina_viridian:sequenceAnalysisViridian:downstreamAnalysis:getVariantDefinitions	Illumina_viridian:sequenceAnalysisViridian:downstreamAnalysis:getWorkflowCommit	Illumina_viridian:sequenceAnalysisViridian:downstreamAnalysis:makeReport	Illumina_viridian:sequenceAnalysisViridian:downstreamAnalysis:nextclade	Illumina_viridian:sequenceAnalysisViridian:downstreamAnalysis:pango	Illumina_viridian:sequenceAnalysisViridian:getRefFiles	Illumina_viridian:sequenceAnalysisViridian:viridianPrimers	CONSENSUS:length	CONSENSUS:masked (N)	CONSENSUS:padded (-)	CONSENSUS:bases (acgt)	lineage	scorpio_call	NEXTCLADE:seqName	NEXTCLADE:clade	NEXTCLADE:qc.overallScore	NEXTCLADE:qc.overallStatus	NEXTCLADE:totalSubstitutions	NEXTCLADE:totalDeletions	NEXTCLADE:totalInsertions	NEXTCLADE:totalFrameShifts	NEXTCLADE:totalAminoacidSubstitutions	NEXTCLADE:totalAminoacidDeletions	NEXTCLADE:totalMissing	NEXTCLADE:totalNonACGTNs	NEXTCLADE:totalPcrPrimerChanges	NEXTCLADE:substitutions	NEXTCLADE:deletions	NEXTCLADE:insertions	NEXTCLADE:frameShifts	NEXTCLADE:aaSubstitutions	NEXTCLADE:aaDeletions	NEXTCLADE:missing	NEXTCLADE:nonACGTNs	NEXTCLADE:pcrPrimerChanges	NEXTCLADE:alignmentScore	NEXTCLADE:alignmentStart	NEXTCLADE:alignmentEnd	NEXTCLADE:qc.missingData.missingDataThreshold	NEXTCLADE:qc.missingData.score	NEXTCLADE:qc.missingData.status	NEXTCLADE:qc.missingData.totalMissing	NEXTCLADE:qc.mixedSites.mixedSitesThreshold	NEXTCLADE:qc.mixedSites.score	NEXTCLADE:qc.mixedSites.status	NEXTCLADE:qc.mixedSites.totalMixedSites	NEXTCLADE:qc.privateMutations.cutoff	NEXTCLADE:qc.privateMutations.excess	NEXTCLADE:qc.privateMutations.score	NEXTCLADE:qc.privateMutations.status	NEXTCLADE:qc.privateMutations.total	NEXTCLADE:qc.snpClusters.clusteredSNPs	NEXTCLADE:qc.snpClusters.score	NEXTCLADE:qc.snpClusters.status	NEXTCLADE:qc.snpClusters.totalSNPs	NEXTCLADE:qc.frameShifts.frameShifts	NEXTCLADE:qc.frameShifts.totalFrameShifts	NEXTCLADE:qc.frameShifts.frameShiftsIgnored	NEXTCLADE:qc.frameShifts.totalFrameShiftsIgnored	NEXTCLADE:qc.frameShifts.score	NEXTCLADE:qc.frameShifts.status	NEXTCLADE:qc.stopCodons.stopCodons	NEXTCLADE:qc.stopCodons.totalStopCodons	NEXTCLADE:qc.stopCodons.score	NEXTCLADE:qc.stopCodons.status	NEXTCLADE:errors	ALN2TYPE:sample_id	ALN2TYPE:phe-label	ALN2TYPE:unique-id	ALN2TYPE:status	ALN2TYPE:mutation-ref-calls	ALN2TYPE:mutation-mixed-calls	ALN2TYPE:mutation-calls	ALN2TYPE:indel-ref-calls	ALN2TYPE:indel-calls	ALN2TYPE:no-calls	ALN2TYPE:no-calls-deletion
mmm-artic-ill-s11511-1	COMPLETED		COMPLETED	COMPLETED	COMPLETED					COMPLETED	COMPLETED	COMPLETED		COMPLETED	29782.0	43.0	0.0	29739.0	B.1.177		mmm-artic-ill-s11511-1	20E (EU1)	0.173611	good	23.0	0.0	0.0	0.0	8.0	0.0	43.0	0.0	0.0	G204T,C241T,T445C,C1758T,C3037T,C5575T,C6286T,C11518T,C11962T,C14408T,A15753G,A19655G,G21255C,C21614T,C22227T,A23403G,G23611A,C24767T,C26801G,T27182C,C27944T,C28932T,G29645T				N:A220V,ORF1a:A498V,ORF1b:P314L,ORF1b:K2063R,S:L18F,S:A222V,S:D614G,S:P1069S		55-96,7042			89254.0	54.0	29836.0	3000.0	0.0	good	43.0	10.0	0.0	good	0.0	24.0	1.0	4.1666669999999995	good	9.0		0.0	good	0.0		0.0		0.0	0.0	good		0.0	0.0	good		mmm-artic-ill-s11511-1	unclassified	unclassified	unclassified							
mmm-artic-ill-s12220-1	COMPLETED		COMPLETED	COMPLETED	COMPLETED					COMPLETED	COMPLETED	COMPLETED		COMPLETED	29782.0	284.0	0.0	29498.0	B.1.177.7		mmm-artic-ill-s12220-1	20E (EU1)	0.0	good	18.0	0.0	0.0	0.0	8.0	0.0	284.0	0.0	1.0	G204T,C241T,T445C,C1625T,C3037T,G4454T,C6286T,C14408T,C15480T,G21255C,C21614T,C22227T,A23403G,C24138T,C26801G,C27944T,C28932T,G29645T				N:A220V,ORF1a:L454F,ORF1a:A1397S,ORF1b:P314L,S:L18F,S:A222V,S:D614G,S:T859I		55,1313-1595		Charit√©_S_RdRp_P:C15480T	89274.0	54.0	29836.0	3000.0	0.0	good	284.0	10.0	0.0	good	0.0	24.0	-5.0	0.0	good	3.0		0.0	good	0.0		0.0		0.0	0.0	good		0.0	0.0	good		mmm-artic-ill-s12220-1	unclassified	unclassified	unclassified							
mmm-artic-ill-s12368-1	COMPLETED		COMPLETED	COMPLETED	COMPLETED					COMPLETED	COMPLETED	COMPLETED		COMPLETED	29782.0	7.0	0.0	29775.0	P.2	Zeta (P.2-like)	mmm-artic-ill-s12368-1	20B	0.0	good	21.0	0.0	0.0	0.0	10.0	0.0	7.0	0.0	4.0	C100T,C241T,C3037T,G3340T,T10667G,G11335T,C11824T,C12053T,C12076T,A12964G,C14408T,G23012A,A23403G,G25088T,C28253T,G28628T,G28881A,G28882A,G28883C,G28975T,C29754T				N:A119S,N:R203K,N:G204R,N:M234I,ORF1a:L3468V,ORF1a:L3930F,ORF1b:P314L,S:E484K,S:D614G,S:V1176F		55-61		ChinaCDC_N_F:G28881A;G28882A;G28883C,ChinaCDC_N_R:G28975T	89262.0	54.0	29836.0	3000.0	0.0	good	7.0	10.0	0.0	good	0.0	24.0	-4.0	0.0	good	4.0		0.0	good	0.0		0.0		0.0	0.0	good		0.0	0.0	good		mmm-artic-ill-s12368-1	E484K	harbor-sprite	confirmed	0.0	0.0	1.0	0.0	0.0	0.0	0.0
mmm-artic-ill-s12368-1	COMPLETED		COMPLETED	COMPLETED	COMPLETED					COMPLETED	COMPLETED	COMPLETED		COMPLETED	29782.0	7.0	0.0	29775.0	P.2	Zeta (P.2-like)	mmm-artic-ill-s12368-1	20B	0.0	good	21.0	0.0	0.0	0.0	10.0	0.0	7.0	0.0	4.0	C100T,C241T,C3037T,G3340T,T10667G,G11335T,C11824T,C12053T,C12076T,A12964G,C14408T,G23012A,A23403G,G25088T,C28253T,G28628T,G28881A,G28882A,G28883C,G28975T,C29754T				N:A119S,N:R203K,N:G204R,N:M234I,ORF1a:L3468V,ORF1a:L3930F,ORF1b:P314L,S:E484K,S:D614G,S:V1176F		55-61		ChinaCDC_N_F:G28881A;G28882A;G28883C,ChinaCDC_N_R:G28975T	89262.0	54.0	29836.0	3000.0	0.0	good	7.0	10.0	0.0	good	0.0	24.0	-4.0	0.0	good	4.0		0.0	good	0.0		0.0		0.0	0.0	good		0.0	0.0	good		mmm-artic-ill-s12368-1	VUI-21JAN-01	marbling-doodle	confirmed	0.0	0.0	7.0	0.0	0.0	0.0	0.0
mmm-artic-ill-s16621-1	COMPLETED		COMPLETED	COMPLETED	COMPLETED					COMPLETED	COMPLETED	COMPLETED		COMPLETED	29763.0	36.0	0.0	29727.0	B.1.1.7	Alpha (B.1.1.7-like)	mmm-artic-ill-s16621-1	20I (Alpha, V1)	0.0	good	30.0	19.0	0.0	0.0	20.0	6.0	36.0	0.0	4.0	C241T,C913T,C3037T,C3177T,C3267T,C5388A,A5715G,C5986T,T6954C,C14408T,C14676T,C15279T,T16176C,A23063T,C23271A,A23403G,C23604A,C23709T,T24506G,G24914C,C27972T,G28048T,A28111G,G28280C,A28281T,T28282A,G28881A,G28882A,G28883C,C28977T	11288-11296,21765-21770,21992-21994,28271			N:D3L,N:R203K,N:G204R,N:S235F,ORF1a:P971L,ORF1a:T1001I,ORF1a:A1708D,ORF1a:K1817R,ORF1a:I2230T,ORF1b:P314L,ORF8:Q27*,ORF8:R52I,ORF8:Y73C,S:N501Y,S:A570D,S:D614G,S:P681H,S:T716I,S:S982A,S:D1118H	ORF1a:S3675-,ORF1a:G3676-,ORF1a:F3677-,S:H69-,S:V70-,S:Y144-	55-90		ChinaCDC_N_F:G28881A;G28882A;G28883C,ChinaCDC_N_R:C28977T	89141.0	54.0	29836.0	3000.0	0.0	good	36.0	10.0	0.0	good	0.0	24.0	-6.0	0.0	good	2.0		0.0	good	0.0		0.0		0.0	0.0	good		0.0	0.0	good		mmm-artic-ill-s16621-1	VOC-20DEC-01	denture-daughter	confirmed	0.0	0.0	13.0	0.0	2.0	0.0	0.0
mmm-artic-ill-s24350-3	COMPLETED		COMPLETED	COMPLETED	COMPLETED					COMPLETED	COMPLETED	COMPLETED		COMPLETED	29777.0	18.0	0.0	29759.0	P.1.14	Gamma (P.1-like)	mmm-artic-ill-s24350-3	20J (Gamma, V3)	0.0	good	34.0	9.0	4.0	0.0	22.0	3.0	18.0	0.0	3.0	C241T,T733C,C2749T,C3037T,C3828T,A5648C,A6319G,A6613G,C10582T,C11454T,C12778T,C13860T,C14408T,G17259T,C21614T,C21621A,C21638T,C21642T,G21974T,G22132T,G23012A,A23063T,A23403G,C23525T,C24642T,G25088T,T26149C,C28512G,A28877T,G28878C,G28881A,G28882A,G28883C,T29834A	11288-11296	28263:AACA		N:P80R,N:R203K,N:G204R,ORF1a:S1188L,ORF1a:K1795Q,ORF1a:A3730V,ORF1b:P314L,ORF1b:E1264D,ORF3a:S253P,ORF9b:Q77E,S:L18F,S:T20N,S:P26S,S:A27V,S:D138Y,S:R190S,S:E484K,S:N501Y,S:D614G,S:H655Y,S:T1027I,S:V1176F	ORF1a:S3675-,ORF1a:G3676-,ORF1a:F3677-	55-70,22812,28167		ChinaCDC_N_F:G28881A;G28882A;G28883C	89170.0	54.0	29836.0	3000.0	0.0	good	18.0	10.0	0.0	good	0.0	24.0	-5.0	0.0	good	3.0		0.0	good	0.0		0.0		0.0	0.0	good		0.0	0.0	good		mmm-artic-ill-s24350-3	E484K	harbor-sprite	confirmed	0.0	0.0	1.0	0.0	0.0	0.0	0.0
mmm-artic-ill-s24350-3	COMPLETED		COMPLETED	COMPLETED	COMPLETED					COMPLETED	COMPLETED	COMPLETED		COMPLETED	29777.0	18.0	0.0	29759.0	P.1.14	Gamma (P.1-like)	mmm-artic-ill-s24350-3	20J (Gamma, V3)	0.0	good	34.0	9.0	4.0	0.0	22.0	3.0	18.0	0.0	3.0	C241T,T733C,C2749T,C3037T,C3828T,A5648C,A6319G,A6613G,C10582T,C11454T,C12778T,C13860T,C14408T,G17259T,C21614T,C21621A,C21638T,C21642T,G21974T,G22132T,G23012A,A23063T,A23403G,C23525T,C24642T,G25088T,T26149C,C28512G,A28877T,G28878C,G28881A,G28882A,G28883C,T29834A	11288-11296	28263:AACA		N:P80R,N:R203K,N:G204R,ORF1a:S1188L,ORF1a:K1795Q,ORF1a:A3730V,ORF1b:P314L,ORF1b:E1264D,ORF3a:S253P,ORF9b:Q77E,S:L18F,S:T20N,S:P26S,S:A27V,S:D138Y,S:R190S,S:E484K,S:N501Y,S:D614G,S:H655Y,S:T1027I,S:V1176F	ORF1a:S3675-,ORF1a:G3676-,ORF1a:F3677-	55-70,22812,28167		ChinaCDC_N_F:G28881A;G28882A;G28883C	89170.0	54.0	29836.0	3000.0	0.0	good	18.0	10.0	0.0	good	0.0	24.0	-5.0	0.0	good	3.0		0.0	good	0.0		0.0		0.0	0.0	good		0.0	0.0	good		mmm-artic-ill-s24350-3	VOC-21JAN-02	slinky-antennae	probable	0.0	0.0	12.0	0.0	2.0	2.0	0.0
mmm-artic-ill-s32219-2	COMPLETED		COMPLETED	COMPLETED	COMPLETED					COMPLETED	COMPLETED	COMPLETED		COMPLETED	29764.0	486.0	0.0	29278.0	B.1.351	Beta (B.1.351-like)	mmm-artic-ill-s32219-2	20H (Beta, V2)	0.47456800000000005	good	23.0	18.0	0.0	0.0	15.0	6.0	486.0	0.0	1.0	G174T,C241T,C1059T,A2692T,C3037T,C4202T,G5230T,T6106C,C9344T,A10323G,C14408T,C16393T,A21801C,A22206G,G22813T,A23403G,C23664T,G25563T,C25904T,C26456T,T27193C,C28253T,C28887T	11288-11296,22283-22291			E:P71L,N:T205I,ORF1a:T265I,ORF1a:K1655N,ORF1a:L3027F,ORF1a:K3353R,ORF1b:P314L,ORF1b:P976S,ORF3a:Q57H,ORF3a:S171L,S:D80A,S:D215G,S:K417N,S:D614G,S:A701V	ORF1a:S3675-,ORF1a:G3676-,ORF1a:F3677-,S:L241-,S:L242-,S:A243-	55,22325-22542,22878-23144		ChinaCDC_N_F:C28887T	89186.0	54.0	29836.0	3000.0	6.888889	good	486.0	10.0	0.0	good	0.0	24.0	-3.0	0.0	good	5.0		0.0	good	0.0		0.0		0.0	0.0	good		0.0	0.0	good		mmm-artic-ill-s32219-2	VOC-20DEC-02	carnival-shimmy	alt-probable	0.0	0.0	10.0	0.0	2.0	2.0	0.0
mmm-artic-ill-s32219-2	COMPLETED		COMPLETED	COMPLETED	COMPLETED					COMPLETED	COMPLETED	COMPLETED		COMPLETED	29764.0	486.0	0.0	29278.0	B.1.351	Beta (B.1.351-like)	mmm-artic-ill-s32219-2	20H (Beta, V2)	0.47456800000000005	good	23.0	18.0	0.0	0.0	15.0	6.0	486.0	0.0	1.0	G174T,C241T,C1059T,A2692T,C3037T,C4202T,G5230T,T6106C,C9344T,A10323G,C14408T,C16393T,A21801C,A22206G,G22813T,A23403G,C23664T,G25563T,C25904T,C26456T,T27193C,C28253T,C28887T	11288-11296,22283-22291			E:P71L,N:T205I,ORF1a:T265I,ORF1a:K1655N,ORF1a:L3027F,ORF1a:K3353R,ORF1b:P314L,ORF1b:P976S,ORF3a:Q57H,ORF3a:S171L,S:D80A,S:D215G,S:K417N,S:D614G,S:A701V	ORF1a:S3675-,ORF1a:G3676-,ORF1a:F3677-,S:L241-,S:L242-,S:A243-	55,22325-22542,22878-23144		ChinaCDC_N_F:C28887T	89186.0	54.0	29836.0	3000.0	6.888889	good	486.0	10.0	0.0	good	0.0	24.0	-3.0	0.0	good	5.0		0.0	good	0.0		0.0		0.0	0.0	good		0.0	0.0	good		mmm-artic-ill-s32219-2	E484K	harbor-sprite	low-qc	0.0	0.0	0.0	0.0	0.0	1.0	0.0
mmm-artic-ill-s53667-1	COMPLETED		COMPLETED	COMPLETED	COMPLETED					COMPLETED	COMPLETED	COMPLETED		COMPLETED	29776.0	519.0	0.0	29257.0	B.1.258		mmm-artic-ill-s53667-1	20A	0.6579010000000001	good	22.0	6.0	0.0	0.0	10.0	2.0	519.0	0.0	0.0	C241T,T1363A,C3037T,T7767C,C8047T,C10645T,G11557T,G12988T,C14408T,G15598A,C17104T,C17740T,G18028T,A20268G,C20451T,A23403G,T24910C,G25606T,C26313T,T26972C,C27800A,G29734C	21765-21770			ORF1a:I2501T,ORF1a:E3764D,ORF1a:M4241I,ORF1b:P314L,ORF1b:V711I,ORF1b:H1213Y,ORF1b:R1425C,ORF1b:A1521S,ORF3a:A72S,S:D614G	S:H69-,S:V70-	55,22627-23144			89232.0	54.0	29836.0	3000.0	8.111111	good	519.0	10.0	0.0	good	0.0	24.0	-2.0	0.0	good	6.0		0.0	good	0.0		0.0		0.0	0.0	good		0.0	0.0	good		mmm-artic-ill-s53667-1	E484K	harbor-sprite	low-qc	0.0	0.0	0.0	0.0	0.0	1.0	0.0
mmm-artic-ill-s59130-3	COMPLETED		COMPLETED	COMPLETED	COMPLETED					COMPLETED	COMPLETED	COMPLETED		COMPLETED	29759.0	4.0	0.0	29755.0	P.1.12	Gamma (P.1-like)	mmm-artic-ill-s59130-3	20J (Gamma, V3)	0.0	good	27.0	27.0	4.0	0.0	18.0	9.0	4.0	0.0	1.0	C241T,T733C,C2749T,C3037T,C3828T,A5648C,A6319G,A6613G,C12778T,C13860T,C14408T,G17259T,C21614T,C21621A,C21638T,G21974T,G22132T,G23012A,A23063T,A23403G,C23525T,C24642T,G25088T,T26149C,C28512G,G28895T,T29834A	11288-11296,28877-28894	28263:AACA		N:P80R,ORF1a:S1188L,ORF1a:K1795Q,ORF1b:P314L,ORF1b:E1264D,ORF3a:S253P,ORF9b:Q77E,S:L18F,S:T20N,S:P26S,S:D138Y,S:R190S,S:E484K,S:N501Y,S:D614G,S:H655Y,S:T1027I,S:V1176F	N:R203-,N:G204-,N:T205-,N:S206-,N:P207-,N:A208-,ORF1a:S3675-,ORF1a:G3676-,ORF1a:F3677-	55-56,22812,28167		ChinaCDC_N_F:G28895T	89137.0	54.0	29836.0	3000.0	0.0	good	4.0	10.0	0.0	good	0.0	24.0	-7.0	0.0	good	1.0		0.0	good	0.0		0.0		0.0	0.0	good		0.0	0.0	good		mmm-artic-ill-s59130-3	E484K	harbor-sprite	confirmed	0.0	0.0	1.0	0.0	0.0	0.0	0.0
mmm-artic-ill-s59130-3	COMPLETED		COMPLETED	COMPLETED	COMPLETED					COMPLETED	COMPLETED	COMPLETED		COMPLETED	29759.0	4.0	0.0	29755.0	P.1.12	Gamma (P.1-like)	mmm-artic-ill-s59130-3	20J (Gamma, V3)	0.0	good	27.0	27.0	4.0	0.0	18.0	9.0	4.0	0.0	1.0	C241T,T733C,C2749T,C3037T,C3828T,A5648C,A6319G,A6613G,C12778T,C13860T,C14408T,G17259T,C21614T,C21621A,C21638T,G21974T,G22132T,G23012A,A23063T,A23403G,C23525T,C24642T,G25088T,T26149C,C28512G,G28895T,T29834A	11288-11296,28877-28894	28263:AACA		N:P80R,ORF1a:S1188L,ORF1a:K1795Q,ORF1b:P314L,ORF1b:E1264D,ORF3a:S253P,ORF9b:Q77E,S:L18F,S:T20N,S:P26S,S:D138Y,S:R190S,S:E484K,S:N501Y,S:D614G,S:H655Y,S:T1027I,S:V1176F	N:R203-,N:G204-,N:T205-,N:S206-,N:P207-,N:A208-,ORF1a:S3675-,ORF1a:G3676-,ORF1a:F3677-	55-56,22812,28167		ChinaCDC_N_F:G28895T	89137.0	54.0	29836.0	3000.0	0.0	good	4.0	10.0	0.0	good	0.0	24.0	-7.0	0.0	good	1.0		0.0	good	0.0		0.0		0.0	0.0	good		0.0	0.0	good		mmm-artic-ill-s59130-3	VOC-21JAN-02	slinky-antennae	probable	0.0	0.0	12.0	0.0	2.0	2.0	0.0
mmm-artic-ill-s64379-3	COMPLETED		COMPLETED	COMPLETED	COMPLETED					COMPLETED	COMPLETED	COMPLETED		COMPLETED	29782.0	1.0	0.0	29781.0	P.2	Zeta (P.2-like)	mmm-artic-ill-s64379-3	20B	0.0	good	21.0	0.0	0.0	0.0	10.0	0.0	1.0	0.0	4.0	C100T,C241T,C3037T,G3340T,T10667G,G11335T,C11824T,C12053T,C12076T,A12964G,C14408T,G23012A,A23403G,G25088T,C28253T,G28628T,G28881A,G28882A,G28883C,G28975T,C29754T				N:A119S,N:R203K,N:G204R,N:M234I,ORF1a:L3468V,ORF1a:L3930F,ORF1b:P314L,S:E484K,S:D614G,S:V1176F		55		ChinaCDC_N_F:G28881A;G28882A;G28883C,ChinaCDC_N_R:G28975T	89262.0	54.0	29836.0	3000.0	0.0	good	1.0	10.0	0.0	good	0.0	24.0	-4.0	0.0	good	4.0		0.0	good	0.0		0.0		0.0	0.0	good		0.0	0.0	good		mmm-artic-ill-s64379-3	E484K	harbor-sprite	confirmed	0.0	0.0	1.0	0.0	0.0	0.0	0.0
mmm-artic-ill-s64379-3	COMPLETED		COMPLETED	COMPLETED	COMPLETED					COMPLETED	COMPLETED	COMPLETED		COMPLETED	29782.0	1.0	0.0	29781.0	P.2	Zeta (P.2-like)	mmm-artic-ill-s64379-3	20B	0.0	good	21.0	0.0	0.0	0.0	10.0	0.0	1.0	0.0	4.0	C100T,C241T,C3037T,G3340T,T10667G,G11335T,C11824T,C12053T,C12076T,A12964G,C14408T,G23012A,A23403G,G25088T,C28253T,G28628T,G28881A,G28882A,G28883C,G28975T,C29754T				N:A119S,N:R203K,N:G204R,N:M234I,ORF1a:L3468V,ORF1a:L3930F,ORF1b:P314L,S:E484K,S:D614G,S:V1176F		55		ChinaCDC_N_F:G28881A;G28882A;G28883C,ChinaCDC_N_R:G28975T	89262.0	54.0	29836.0	3000.0	0.0	good	1.0	10.0	0.0	good	0.0	24.0	-4.0	0.0	good	4.0		0.0	good	0.0		0.0		0.0	0.0	good		0.0	0.0	good		mmm-artic-ill-s64379-3	VUI-21JAN-01	marbling-doodle	confirmed	0.0	0.0	7.0	0.0	0.0	0.0	0.0
mmm-artic-ill-s71898-2	COMPLETED		COMPLETED	COMPLETED	COMPLETED					COMPLETED	COMPLETED	COMPLETED		COMPLETED	29782.0	43.0	0.0	29739.0	B.1.177.17		mmm-artic-ill-s71898-2	20E (EU1)	0.0	good	16.0	0.0	0.0	0.0	6.0	0.0	43.0	0.0	0.0	C241T,A408G,T445C,G2764T,C3037T,C6286T,C9073T,C14408T,G21255C,C22088T,C22227T,A23403G,C26801G,C28932T,G29645T,C29686T				N:A220V,ORF1a:D48G,ORF1b:P314L,S:L176F,S:A222V,S:D614G		55-97			89282.0	54.0	29836.0	3000.0	0.0	good	43.0	10.0	0.0	good	0.0	24.0	-3.0	0.0	good	5.0		0.0	good	0.0		0.0		0.0	0.0	good		0.0	0.0	good		mmm-artic-ill-s71898-2	unclassified	unclassified	unclassified							
mmm-artic-ill-s82718-1	COMPLETED		COMPLETED	COMPLETED	COMPLETED					COMPLETED	COMPLETED	COMPLETED		COMPLETED	29763.0	290.0	0.0	29473.0	B.1.1.7	Alpha (B.1.1.7-like)	mmm-artic-ill-s82718-1	20I (Alpha, V1)	0.0	good	34.0	19.0	0.0	0.0	23.0	6.0	290.0	0.0	4.0	C241T,C913T,C3037T,C3261T,C3267T,C5388A,C5986T,C6633T,T6954C,G11417A,C14408T,C14676T,C15279T,T16176C,A17615G,A19079G,C19854T,A23063T,C23271A,A23403G,C23604A,C23709T,T24506G,G24914C,C27972T,G28048T,A28111G,G28280C,A28281T,T28282A,G28881A,G28882A,G28883C,C28977T	11288-11296,21765-21770,21992-21994,28271			N:D3L,N:R203K,N:G204R,N:S235F,ORF1a:T999I,ORF1a:T1001I,ORF1a:A1708D,ORF1a:A2123V,ORF1a:I2230T,ORF1a:V3718I,ORF1b:P314L,ORF1b:K1383R,ORF1b:E1871G,ORF8:Q27*,ORF8:R52I,ORF8:Y73C,S:N501Y,S:A570D,S:D614G,S:P681H,S:T716I,S:S982A,S:D1118H	ORF1a:S3675-,ORF1a:G3676-,ORF1a:F3677-,S:H69-,S:V70-,S:Y144-	55,19912-20200		ChinaCDC_N_F:G28881A;G28882A;G28883C,ChinaCDC_N_R:C28977T	89125.0	54.0	29836.0	3000.0	0.0	good	290.0	10.0	0.0	good	0.0	24.0	-4.0	0.0	good	4.0		0.0	good	0.0		0.0		0.0	0.0	good		0.0	0.0	good		mmm-artic-ill-s82718-1	VOC-20DEC-01	denture-daughter	confirmed	0.0	0.0	13.0	0.0	2.0	0.0	0.0
mmm-artic-ill-s98244-3	COMPLETED		COMPLETED	COMPLETED	COMPLETED					COMPLETED	COMPLETED	COMPLETED		COMPLETED	29759.0	43.0	0.0	29716.0	P.1.12	Gamma (P.1-like)	mmm-artic-ill-s98244-3	20J (Gamma, V3)	0.0	good	28.0	27.0	4.0	0.0	19.0	9.0	43.0	0.0	1.0	C241T,T733C,C2749T,C3037T,C3828T,A5648C,A6319G,A6613G,G11401T,C12778T,C13860T,C14408T,G17259T,C21614T,C21621A,C21638T,G21974T,G22132T,G23012A,A23063T,A23403G,C23525T,C24642T,G25088T,T26149C,C28512G,G28895T,T29834A	11288-11296,28877-28894	28263:AACA		N:P80R,ORF1a:S1188L,ORF1a:K1795Q,ORF1a:M3712I,ORF1b:P314L,ORF1b:E1264D,ORF3a:S253P,ORF9b:Q77E,S:L18F,S:T20N,S:P26S,S:D138Y,S:R190S,S:E484K,S:N501Y,S:D614G,S:H655Y,S:T1027I,S:V1176F	N:R203-,N:G204-,N:T205-,N:S206-,N:P207-,N:A208-,ORF1a:S3675-,ORF1a:G3676-,ORF1a:F3677-	55-95,22812,28167		ChinaCDC_N_F:G28895T	89133.0	54.0	29836.0	3000.0	0.0	good	43.0	10.0	0.0	good	0.0	24.0	-6.0	0.0	good	2.0		0.0	good	0.0		0.0		0.0	0.0	good		0.0	0.0	good		mmm-artic-ill-s98244-3	E484K	harbor-sprite	confirmed	0.0	0.0	1.0	0.0	0.0	0.0	0.0
mmm-artic-ill-s98244-3	COMPLETED		COMPLETED	COMPLETED	COMPLETED					COMPLETED	COMPLETED	COMPLETED		COMPLETED	29759.0	43.0	0.0	29716.0	P.1.12	Gamma (P.1-like)	mmm-artic-ill-s98244-3	20J (Gamma, V3)	0.0	good	28.0	27.0	4.0	0.0	19.0	9.0	43.0	0.0	1.0	C241T,T733C,C2749T,C3037T,C3828T,A5648C,A6319G,A6613G,G11401T,C12778T,C13860T,C14408T,G17259T,C21614T,C21621A,C21638T,G21974T,G22132T,G23012A,A23063T,A23403G,C23525T,C24642T,G25088T,T26149C,C28512G,G28895T,T29834A	11288-11296,28877-28894	28263:AACA		N:P80R,ORF1a:S1188L,ORF1a:K1795Q,ORF1a:M3712I,ORF1b:P314L,ORF1b:E1264D,ORF3a:S253P,ORF9b:Q77E,S:L18F,S:T20N,S:P26S,S:D138Y,S:R190S,S:E484K,S:N501Y,S:D614G,S:H655Y,S:T1027I,S:V1176F	N:R203-,N:G204-,N:T205-,N:S206-,N:P207-,N:A208-,ORF1a:S3675-,ORF1a:G3676-,ORF1a:F3677-	55-95,22812,28167		ChinaCDC_N_F:G28895T	89133.0	54.0	29836.0	3000.0	0.0	good	43.0	10.0	0.0	good	0.0	24.0	-6.0	0.0	good	2.0		0.0	good	0.0		0.0		0.0	0.0	good		0.0	0.0	good		mmm-artic-ill-s98244-3	VOC-21JAN-02	slinky-antennae	probable	0.0	0.0	12.0	0.0	2.0	2.0	0.0
nonesampleprocess		COMPLETED				COMPLETED	COMPLETED	COMPLETED	COMPLETED				COMPLETED																																																																							
